../Core/Src/main.c:100:5:main	48	static
../Core/Src/main.c:241:6:SystemClock_Config	88	static
../Core/Src/main.c:287:13:MX_SPI1_Init	8	static
../Core/Src/main.c:325:13:MX_USART1_UART_Init	8	static
../Core/Src/main.c:358:13:MX_USART2_UART_Init	8	static
../Core/Src/main.c:391:13:MX_GPIO_Init	40	static
../Core/Src/main.c:442:6:HAL_UART_RxCpltCallback	16	static
../Core/Src/main.c:456:6:HAL_UART_TxCpltCallback	16	static
../Core/Src/main.c:475:6:HAL_GPIO_EXTI_Callback	16	static
../Core/Src/main.c:493:1:__io_putchar	16	static
../Core/Src/main.c:507:6:Error_Handler	4	static,ignoring_inline_asm
