../Core/Src/main.c:87:5:main	56	static
../Core/Src/main.c:211:6:SystemClock_Config	88	static
../Core/Src/main.c:257:13:MX_SPI1_Init	8	static
../Core/Src/main.c:295:13:MX_USART1_UART_Init	8	static
../Core/Src/main.c:328:13:MX_USART2_UART_Init	8	static
../Core/Src/main.c:361:13:MX_GPIO_Init	40	static
../Core/Src/main.c:412:6:HAL_UART_RxCpltCallback	16	static
../Core/Src/main.c:426:6:HAL_UART_TxCpltCallback	16	static
../Core/Src/main.c:445:6:HAL_GPIO_EXTI_Callback	16	static
../Core/Src/main.c:463:1:__io_putchar	16	static
../Core/Src/main.c:477:6:Error_Handler	4	static,ignoring_inline_asm
